[0.031s][info][gc] Using Serial
[1.033s][info][gc] GC(0) Pause Young (Allocation Failure) 4M->2M(15M) 2.462ms
[47.554s][info][gc] GC(1) Pause Young (Allocation Failure) 6M->2M(15M) 6.033ms
[47.560s][info][gc] GC(2) Pause Young (Allocation Failure) 6M->2M(15M) 0.293ms
[47.566s][info][gc] GC(3) Pause Young (Allocation Failure) 6M->2M(15M) 0.499ms
[47.571s][info][gc] GC(4) Pause Young (Allocation Failure) 6M->2M(15M) 0.276ms
[129.162s][info][gc] GC(5) Pause Young (Allocation Failure) 6M->2M(15M) 0.550ms
[129.167s][info][gc] GC(6) Pause Young (Allocation Failure) 6M->2M(15M) 0.265ms
[129.174s][info][gc] GC(7) Pause Young (Allocation Failure) 6M->2M(15M) 0.348ms
[129.179s][info][gc] GC(8) Pause Young (Allocation Failure) 6M->2M(15M) 0.349ms
[129.187s][info][gc] GC(9) Pause Young (Allocation Failure) 6M->2M(15M) 0.349ms
