[0.006s][info][gc] Using Serial
[1.052s][info][gc] GC(0) Pause Young (Allocation Failure) 4M->2M(15M) 3.541ms
[16.973s][info][gc] GC(1) Pause Young (Allocation Failure) 6M->2M(15M) 2.441ms
[16.983s][info][gc] GC(2) Pause Young (Allocation Failure) 6M->2M(15M) 0.611ms
[16.990s][info][gc] GC(3) Pause Young (Allocation Failure) 6M->2M(15M) 0.442ms
[16.995s][info][gc] GC(4) Pause Young (Allocation Failure) 6M->2M(15M) 0.326ms
[98.399s][info][gc] GC(5) Pause Young (Allocation Failure) 6M->2M(15M) 0.592ms
[98.405s][info][gc] GC(6) Pause Young (Allocation Failure) 6M->2M(15M) 0.545ms
[98.412s][info][gc] GC(7) Pause Young (Allocation Failure) 6M->2M(15M) 0.511ms
[98.418s][info][gc] GC(8) Pause Young (Allocation Failure) 6M->2M(15M) 0.456ms
[98.429s][info][gc] GC(9) Pause Young (Allocation Failure) 6M->2M(15M) 0.468ms
[155.454s][info][gc] GC(10) Pause Young (Allocation Failure) 6M->2M(15M) 0.601ms
[155.461s][info][gc] GC(11) Pause Young (Allocation Failure) 6M->2M(15M) 0.516ms
[155.467s][info][gc] GC(12) Pause Young (Allocation Failure) 6M->2M(15M) 0.319ms
[155.472s][info][gc] GC(13) Pause Young (Allocation Failure) 6M->2M(15M) 0.354ms
[155.476s][info][gc] GC(14) Pause Young (Allocation Failure) 6M->2M(15M) 0.532ms
[208.558s][info][gc] GC(15) Pause Young (Allocation Failure) 6M->2M(15M) 0.316ms
[208.560s][info][gc] GC(16) Pause Young (Allocation Failure) 6M->2M(15M) 0.215ms
[208.562s][info][gc] GC(17) Pause Young (Allocation Failure) 6M->2M(15M) 0.198ms
[208.564s][info][gc] GC(18) Pause Young (Allocation Failure) 6M->2M(15M) 0.190ms
[208.569s][info][gc] GC(19) Pause Young (Allocation Failure) 6M->2M(15M) 0.157ms
[208.572s][info][gc] GC(20) Pause Young (Allocation Failure) 6M->2M(15M) 0.221ms
[208.574s][info][gc] GC(21) Pause Young (Allocation Failure) 6M->2M(15M) 0.226ms
[208.579s][info][gc] GC(22) Pause Young (Allocation Failure) 6M->2M(15M) 0.169ms
[208.581s][info][gc] GC(23) Pause Young (Allocation Failure) 6M->2M(15M) 0.207ms
[208.584s][info][gc] GC(24) Pause Young (Allocation Failure) 6M->2M(15M) 0.205ms
[208.586s][info][gc] GC(25) Pause Young (Allocation Failure) 6M->2M(15M) 0.122ms
[208.588s][info][gc] GC(26) Pause Young (Allocation Failure) 6M->2M(15M) 0.154ms
[208.590s][info][gc] GC(27) Pause Young (Allocation Failure) 6M->2M(15M) 0.202ms
[208.592s][info][gc] GC(28) Pause Young (Allocation Failure) 6M->2M(15M) 0.145ms
[208.596s][info][gc] GC(29) Pause Young (Allocation Failure) 6M->2M(15M) 1.453ms
[208.598s][info][gc] GC(30) Pause Young (Allocation Failure) 6M->2M(15M) 0.221ms
[208.600s][info][gc] GC(31) Pause Young (Allocation Failure) 6M->2M(15M) 0.251ms
[208.603s][info][gc] GC(32) Pause Young (Allocation Failure) 6M->2M(15M) 0.189ms
[208.606s][info][gc] GC(33) Pause Young (Allocation Failure) 6M->2M(15M) 0.210ms
[208.608s][info][gc] GC(34) Pause Young (Allocation Failure) 6M->2M(15M) 0.227ms
[208.612s][info][gc] GC(35) Pause Young (Allocation Failure) 6M->2M(15M) 0.822ms
[208.615s][info][gc] GC(36) Pause Young (Allocation Failure) 6M->2M(15M) 0.153ms
[208.618s][info][gc] GC(37) Pause Young (Allocation Failure) 6M->2M(15M) 0.199ms
